../Core/Src/main.c:94:5:main	48	static
../Core/Src/main.c:163:6:SystemClock_Config	88	static
../Core/Src/main.c:210:13:MX_I2C2_Init	8	static
../Core/Src/main.c:244:13:MX_USART2_UART_Init	8	static
../Core/Src/main.c:277:13:MX_USART6_UART_Init	8	static
../Core/Src/main.c:310:13:MX_GPIO_Init	48	static
../Core/Src/main.c:353:6:MX_GPIO_LED_ON	16	static
../Core/Src/main.c:356:6:MX_GPIO_LED_OFF	16	static
../Core/Src/main.c:359:6:loop_LED_Blink	16	static
../Core/Src/main.c:376:6:bluetooth_Event	152	static
../Core/Src/main.c:492:1:__io_putchar	16	static
../Core/Src/main.c:499:6:HAL_UART_RxCpltCallback	16	static
../Core/Src/main.c:519:6:Error_Handler	4	static,ignoring_inline_asm
